# Created Tue Dec 22 18:44:20 EST 2009
# start	end	level	message
Line 7, Char 1	79	85	Error	Invalid declaration, missing :
Line 9, Char 1	91	105	Error	Invalid declaration, missing :
